setting alloc_limit to: 0
TNEF Key: 1125
(MESS) TNEF Version [type: dword] [len: 4] = 00010000
(MESS) OEM Codepage [type: byte] [len: 8] = e4 04 00 00 00 00 00 00
(MESS) Priority [type: short] [len: 2] = 2
(MESS) Date Sent [type: date] [len: 14] = Mon 2005/04/25 10:15:35
(MESS) Date Modified [type: date] [len: 14] = Mon 2005/04/25 10:15:36
(MESS) Message ID [type: string] [len: 33] ='0DDA0FCBCC07C14192EE86FC42D15B95'
(MESS) Recipients [type: byte] [len: 612] = 01 00 00 00 0f 00 00 00 1f 00...
(MESS) MAPI Properties [type: byte] [len: 6988] = 33 00 00 00 0b 00 02 00 01 00...
(MAPI) MAPI_ALTERNATE_RECIPIENT_ALLOWED [type: MAPI boolean (16 bits)] [num_values = 1] = 
	#0 [len: 4] = true
(MAPI) MAPI_MESSAGE_CLASS [type: MAPI unicode-string (null terminated)] [num_values = 1] = 
	#0 [len: 18] = IPM.Note
(MAPI) MAPI_PRIORITY [type: MAPI integer (signed 32 bits)] [num_values = 1] = 
	#0 [len: 4] = 0
(MAPI) MAPI_SENSITIVITY [type: MAPI integer (signed 32 bits)] [num_values = 1] = 
	#0 [len: 4] = 0
(MAPI) MAPI_SUBJECT [type: MAPI unicode-string (null terminated)] [num_values = 1] = 
	#0 [len: 30] = Bill of Rights
(MAPI) MAPI_CLIENT_SUBMIT_TIME [type: MAPI time (64 bits)] [num_values = 1] = 
	#0 [len: 8] = 64fb4260 1c549ba
(MAPI) MAPI_SUBJECT_PREFIX [type: MAPI unicode-string (null terminated)] [num_values = 1] = 
	#0 [len: 2] = 
(MAPI) MAPI_MESSAGE_SUBMISSION_ID [type: MAPI binary] [num_values = 1] = 
	#0 [len: 56] = 63 3d 75 73 3b 61 3d 20 3b 70 ...
(MAPI) MAPI_CONVERSATION_TOPIC [type: MAPI unicode-string (null terminated)] [num_values = 1] = 
	#0 [len: 30] = Bill of Rights
(MAPI) MAPI_CONVERSATION_INDEX [type: MAPI binary] [num_values = 1] = 
	#0 [len: 22] = 01 c5 49 ba 64 fb c9 aa e3 6a ...
(MAPI) MAPI_SENDER_NAME [type: MAPI unicode-string (null terminated)] [num_values = 1] = 
	#0 [len: 16] = 3krelay
(MAPI) MAPI_NORMALIZED_SUBJECT [type: MAPI unicode-string (null terminated)] [num_values = 1] = 
	#0 [len: 30] = Bill of Rights
(MAPI) MAPI_BODY_HTML [type: MAPI binary] [num_values = 1] = 
	#0 [len: 5358] = 3c 21 44 4f 43 54 59 50 45 20 ...
(MAPI) MAPI_SMTP_MESSAGE_ID [type: MAPI unicode-string (null terminated)] [num_values = 1] = 
	#0 [len: 162] = <4520F6151DAF2A44BA878BF2F380348E26E5@br-exch-dev1.brexchange.dolphinsearch.com>
(MAPI) 1080 [type: MAPI integer (signed 32 bits)] [num_values = 1] = 
	#0 [len: 4] = -1
(MAPI) 10f3 [type: MAPI unicode-string (null terminated)] [num_values = 1] = 
	#0 [len: 38] = Bill of Rights.EML
(MAPI) 10f4 [type: MAPI boolean (16 bits)] [num_values = 1] = 
	#0 [len: 4] = false
(MAPI) 10f5 [type: MAPI boolean (16 bits)] [num_values = 1] = 
	#0 [len: 4] = false
(MAPI) 10f6 [type: MAPI boolean (16 bits)] [num_values = 1] = 
	#0 [len: 4] = false
(MAPI) MAPI_CREATION_TIME [type: MAPI time (64 bits)] [num_values = 1] = 
	#0 [len: 8] = 65919651 1c549ba
(MAPI) MAPI_LAST_MODIFICATION_TIME [type: MAPI time (64 bits)] [num_values = 1] = 
	#0 [len: 8] = 65919651 1c549ba
(MAPI) 3fde [type: MAPI integer (signed 32 bits)] [num_values = 1] = 
	#0 [len: 4] = 20127
(MAPI) 3ff1 [type: MAPI integer (signed 32 bits)] [num_values = 1] = 
	#0 [len: 4] = 1033
(MAPI) 3ff8 [type: MAPI unicode-string (null terminated)] [num_values = 1] = 
	#0 [len: 16] = 3krelay
(MAPI) 3ff9 [type: MAPI binary] [num_values = 1] = 
	#0 [len: 99] = 00 00 00 00 dc a7 40 c8 c0 42 ...
(MAPI) 3ffa [type: MAPI unicode-string (null terminated)] [num_values = 1] = 
	#0 [len: 16] = 3krelay
(MAPI) 3ffb [type: MAPI binary] [num_values = 1] = 
	#0 [len: 99] = 00 00 00 00 dc a7 40 c8 c0 42 ...
(MAPI) 3ffd [type: MAPI integer (signed 32 bits)] [num_values = 1] = 
	#0 [len: 4] = 1252
(MAPI) 4019 [type: MAPI integer (signed 32 bits)] [num_values = 1] = 
	#0 [len: 4] = 0
(MAPI) 401a [type: MAPI integer (signed 32 bits)] [num_values = 1] = 
	#0 [len: 4] = 0
(MAPI) 4030 [type: MAPI unicode-string (null terminated)] [num_values = 1] = 
	#0 [len: 16] = 3KRELAY
(MAPI) 4031 [type: MAPI unicode-string (null terminated)] [num_values = 1] = 
	#0 [len: 16] = 3KRELAY
(MAPI) 4038 [type: MAPI unicode-string (null terminated)] [num_values = 1] = 
	#0 [len: 16] = 3KRELAY
(MAPI) 4039 [type: MAPI unicode-string (null terminated)] [num_values = 1] = 
	#0 [len: 16] = 3KRELAY
(MAPI) 4076 [type: MAPI integer (signed 32 bits)] [num_values = 1] = 
	#0 [len: 4] = -1
(MAPI) 5902 [type: MAPI integer (signed 32 bits)] [num_values = 1] = 
	#0 [len: 4] = 1441792
(MAPI) 5909 [type: MAPI integer (signed 32 bits)] [num_values = 1] = 
	#0 [len: 4] = 2
(MAPI) 850e [type: MAPI boolean (16 bits)] [num_values = 1] = 
	GUID: { 62008 00 00 { c000000046 }
	#0 [len: 4] = false
(MAPI) 8552 [type: MAPI integer (signed 32 bits)] [num_values = 1] = 
	GUID: { 62008 00 00 { c000000046 }
	#0 [len: 4] = 115608
(MAPI) 8554 [type: MAPI unicode-string (null terminated)] [num_values = 1] = 
	GUID: { 62008 00 00 { c000000046 }
	#0 [len: 10] = 11.0
(MAPI) 8501 [type: MAPI integer (signed 32 bits)] [num_values = 1] = 
	GUID: { 62008 00 00 { c000000046 }
	#0 [len: 4] = 0
(MAPI) 8503 [type: MAPI boolean (16 bits)] [num_values = 1] = 
	GUID: { 62008 00 00 { c000000046 }
	#0 [len: 4] = false
(MAPI) 8510 [type: MAPI integer (signed 32 bits)] [num_values = 1] = 
	GUID: { 62008 00 00 { c000000046 }
	#0 [len: 4] = 0
(MAPI) 8518 [type: MAPI integer (signed 32 bits)] [num_values = 1] = 
	GUID: { 62008 00 00 { c000000046 }
	#0 [len: 4] = 0
(MAPI) 8506 [type: MAPI boolean (16 bits)] [num_values = 1] = 
	GUID: { 62008 00 00 { c000000046 }
	#0 [len: 4] = false
(MAPI) 8582 [type: MAPI boolean (16 bits)] [num_values = 1] = 
	GUID: { 62008 00 00 { c000000046 }
	#0 [len: 4] = false
(MAPI) 8583 [type: MAPI unicode-string (null terminated)] [num_values = 1] = 
	GUID: { 62008 00 00 { c000000046 }
	#0 [len: 38] = 405131517-25042005
(MAPI) 8593 [type: MAPI integer (signed 32 bits)] [num_values = 1] = 
	GUID: { 62008 00 00 { c000000046 }
	#0 [len: 4] = 0
(MAPI) MAPI_READ_RECEIPT_REQUESTED [type: MAPI boolean (16 bits)] [num_values = 1] = 
	#0 [len: 4] = false
(MAPI) MAPI_ORIGINATOR_DELIVERY_REPORT_REQUESTED [type: MAPI boolean (16 bits)] [num_values = 1] = 
	#0 [len: 4] = false
(MAPI) MAPI_TNEF_CORRELATION_KEY [type: MAPI binary] [num_values = 1] = 
	#0 [len: 81] = 3c 34 35 32 30 46 36 31 35 31 ...
WRITING ./body.dir/body-body.html
