./../../src/tnef --version
tnef 1.4.2
Copyright (C) 1999-2006 by Mark Simpson
Copyright (C) 1997 by Thomas Boll (original code)
tnef comes with ABSOLUTELY NO WARRANTY.
You may redistribute copies of tnef under the terms of the GNU General
Public License.  For more information about these matters, see the file
named COPYING.

./../../src/tnef -V
tnef 1.4.2
Copyright (C) 1999-2006 by Mark Simpson
Copyright (C) 1997 by Thomas Boll (original code)
tnef comes with ABSOLUTELY NO WARRANTY.
You may redistribute copies of tnef under the terms of the GNU General
Public License.  For more information about these matters, see the file
named COPYING.
